Error (Loading APV Command): Unable to locate APV file: Z:/Users/yunhalee/Documents/LOCAETA/RCM/BenMAP/batchmode/APV/apv_mortality_asthma.apvx
Occurred: 3/14/2025 10:19:37 AM
            RUN APV
            -APVFilename           Z:/Users/yunhalee/Documents/LOCAETA/RCM/BenMAP/batchmode/APV/apv_mortality_asthma.apvx
            -CFGRFilename          Z:/Users/yunhalee/Documents/LOCAETA/RCM/BenMAP/batchmode/CFGR/control_NEI_no_Landfill_2001411_county_inmap_2020_pm25.cfgrx
            -ResultsFilename       Z:/Users/yunhalee/Documents/LOCAETA/RCM/BenMAP/batchmode/APVR/control_NEI_no_Landfill_2001411_county_inmap_2020_pm25.apvrx
            -IncidenceAggregation  County
            -ValuationAggregation  County
###APV Error: Object reference not set to an instance of an object.
Occurred: 3/25/2025 2:25:56 PM
            -APVFilename           Z:/Users/yunhalee/Documents/LOCAETA/RCM/BenMAP/batchmode/APV/apv_mortality_asthma_tracts.apvx
            -CFGRFilename          Z:/Users/yunhalee/Documents/LOCAETA/RCM/BenMAP/batchmode/CFGR/control_NEI_no_Landfill_2001411_county_inmap_2020_pm25.cfgrx
            -ResultsFilename       Z:/Users/yunhalee/Documents/LOCAETA/RCM/BenMAP/batchmode/APVR/control_NEI_no_Landfill_2001411_county_inmap_2020_pm25.apvrx
            -IncidenceAggregation  US Census Tracts
            -ValuationAggregation  US Census Tracts
###APV Error: Object reference not set to an instance of an object.
Occurred: 3/25/2025 2:32:55 PM
            -APVFilename           Z:/Users/yunhalee/Documents/LOCAETA/RCM/BenMAP/batchmode/APV/apv_mortality_asthma_tracts.apvx
            -CFGRFilename          Z:/Users/yunhalee/Documents/LOCAETA/RCM/BenMAP/batchmode/CFGR/control_NEI_no_Landfill_2001411_county_inmap_2020_pm25.cfgrx
            -ResultsFilename       Z:/Users/yunhalee/Documents/LOCAETA/RCM/BenMAP/batchmode/APVR/control_NEI_no_Landfill_2001411_county_inmap_2020_pm25.apvrx
            -IncidenceAggregation  US Census Tracts
            -ValuationAggregation  US Census Tracts
###APV Error: Object reference not set to an instance of an object.
Occurred: 3/25/2025 2:50:47 PM
            -APVFilename           Z:/Users/yunhalee/Documents/LOCAETA/RCM/BenMAP/batchmode/APV/apv_mortality_asthma_tracts.apvx
            -CFGRFilename          Z:/Users/yunhalee/Documents/LOCAETA/RCM/BenMAP/batchmode/CFGR/control_NEI_no_Landfill_2001411_county_inmap_2020_pm25.cfgrx
            -ResultsFilename       Z:/Users/yunhalee/Documents/LOCAETA/RCM/BenMAP/batchmode/APVR/control_NEI_no_Landfill_2001411_county_inmap_2020_pm25.apvrx
            -IncidenceAggregation  County
            -ValuationAggregation  County
Error (APVX File - all functions in apv do not match functions in cfg.):
Occurred: 4/2/2025 2:43:36 PM
            -APVFilename           Z:/Users/yunhalee/Documents/LOCAETA/RCM/BenMAP/batchmode/APV/apv_two_mortality_asthma.apvx
            -CFGRFilename          Z:/Users/yunhalee/Documents/LOCAETA/RCM/BenMAP/batchmode/CFGR/control_NEI_no_Landfill_2001411_county_inmap_2020_pm25.cfgrx
            -ResultsFilename       Z:/Users/yunhalee/Documents/LOCAETA/RCM/BenMAP/batchmode/APVR/control_NEI_no_Landfill_2001411_county_inmap_2020_pm25.apvrx
            -IncidenceAggregation  County
            -ValuationAggregation  County
